SQL> 
SQL> 
SQL> DROP SEQUENCE admission_admission_no_seq;

Sequence ADMISSION_ADMISSION_NO_SEQ dropped.

SQL> 
SQL> DROP SEQUENCE admission_procedure_admission_;

Sequence ADMISSION_PROCEDURE_ADMISSION_ dropped.

SQL> 
SQL> DROP SEQUENCE bed_bed_no_seq;

Sequence BED_BED_NO_SEQ dropped.

SQL> 
SQL> DROP SEQUENCE bed_type_bed_type_code_seq;

Sequence BED_TYPE_BED_TYPE_CODE_SEQ dropped.

SQL> 
SQL> DROP SEQUENCE cost_center_cost_centre_code;

Sequence COST_CENTER_COST_CENTRE_CODE dropped.

SQL> 
SQL> DROP SEQUENCE doctor_doc_id_seq;

Sequence DOCTOR_DOC_ID_SEQ dropped.

SQL> 
SQL> DROP SEQUENCE item_item_code_seq;

Sequence ITEM_ITEM_CODE_SEQ dropped.

SQL> 
SQL> DROP SEQUENCE nurse_nurse_id_seq;

Sequence NURSE_NURSE_ID_SEQ dropped.

SQL> 
SQL> DROP SEQUENCE patient_patient_id_seq;

Sequence PATIENT_PATIENT_ID_SEQ dropped.

SQL> 
SQL> DROP SEQUENCE procedure_procedure_code_seq;

Sequence PROCEDURE_PROCEDURE_CODE_SEQ dropped.

SQL> 
SQL> DROP SEQUENCE specilisation_spec_no_seq;

Sequence SPECILISATION_SPEC_NO_SEQ dropped.

SQL> 
SQL> DROP SEQUENCE ward_ward_code_seq;

Sequence WARD_WARD_CODE_SEQ dropped.

SQL> 
SQL> DROP TABLE admission CASCADE CONSTRAINTS;

Table ADMISSION dropped.

SQL> 
SQL> DROP TABLE admission_bed CASCADE CONSTRAINTS;

Table ADMISSION_BED dropped.

SQL> 
SQL> DROP TABLE admission_procedure CASCADE CONSTRAINTS;

Table ADMISSION_PROCEDURE dropped.

SQL> 
SQL> DROP TABLE bed CASCADE CONSTRAINTS;

Table BED dropped.

SQL> 
SQL> DROP TABLE bed_type CASCADE CONSTRAINTS;

Table BED_TYPE dropped.

SQL> 
SQL> DROP TABLE cost_center CASCADE CONSTRAINTS;

Table COST_CENTER dropped.

SQL> 
SQL> DROP TABLE doctor CASCADE CONSTRAINTS;

Table DOCTOR dropped.

SQL> 
SQL> DROP TABLE doctor_specilisation CASCADE CONSTRAINTS;

Table DOCTOR_SPECILISATION dropped.

SQL> 
SQL> DROP TABLE item CASCADE CONSTRAINTS;

Table ITEM dropped.

SQL> 
SQL> DROP TABLE nurse CASCADE CONSTRAINTS;

Table NURSE dropped.

SQL> 
SQL> DROP TABLE nurse_assignment CASCADE CONSTRAINTS;

Table NURSE_ASSIGNMENT dropped.

SQL> 
SQL> DROP TABLE patient CASCADE CONSTRAINTS;

Table PATIENT dropped.

SQL> 
SQL> DROP TABLE procedure CASCADE CONSTRAINTS;

Table PROCEDURE dropped.

SQL> 
SQL> DROP TABLE procedure_item CASCADE CONSTRAINTS;

Table PROCEDURE_ITEM dropped.

SQL> 
SQL> DROP TABLE specilisation CASCADE CONSTRAINTS;

Table SPECILISATION dropped.

SQL> 
SQL> DROP TABLE ward CASCADE CONSTRAINTS;

Table WARD dropped.

SQL> 
SQL> CREATE TABLE admission (
  2      admission_no          NUMBER(7) NOT NULL,
  3      patient_id            NUMBER(7) NOT NULL,
  4      admission_datetime    DATE NOT NULL,
  5      discharged_datetime   DATE NOT NULL,
  6      doc_id                NUMBER(7) NOT NULL
  7  );

Table ADMISSION created.

SQL> 
SQL> COMMENT ON COLUMN admission.admission_no IS
  2      'admission_no: admission number';

Comment created.

SQL> 
SQL> COMMENT ON COLUMN admission.patient_id IS
  2      'patient_id: patient ID';

Comment created.

SQL> 
SQL> COMMENT ON COLUMN admission.admission_datetime IS
  2      'admission_datetime: admission date and time';

Comment created.

SQL> 
SQL> COMMENT ON COLUMN admission.discharged_datetime IS
  2      'discharged_datetime: discharged date and time';

Comment created.

SQL> 
SQL> COMMENT ON COLUMN admission.doc_id IS
  2      'doc_id: doctor ID';

Comment created.

SQL> 
SQL> ALTER TABLE admission ADD CONSTRAINT admission_pk PRIMARY KEY ( admission_no );

Table ADMISSION altered.

SQL> 
SQL> ALTER TABLE admission ADD CONSTRAINT admission_unique UNIQUE ( patient_id,
  2                                                                 admission_datetime
  3                                                                 );

Table ADMISSION altered.

SQL> 
SQL> CREATE TABLE admission_bed (
  2      admission_no            NUMBER(7) NOT NULL,
  3      bed_assigned_datetime   DATE NOT NULL,
  4      ward_code               NUMBER(7) NOT NULL,
  5      bed_no                  NUMBER(3) NOT NULL
  6  );

Table ADMISSION_BED created.

SQL> 
SQL> COMMENT ON COLUMN admission_bed.admission_no IS
  2      'admission_no: admission number';

Comment created.

SQL> 
SQL> COMMENT ON COLUMN admission_bed.bed_assigned_datetime IS
  2      'bed_assigned_datetime: bed assigned datetime';

Comment created.

SQL> 
SQL> COMMENT ON COLUMN admission_bed.ward_code IS
  2      'ward_code:ward code';

Comment created.

SQL> 
SQL> COMMENT ON COLUMN admission_bed.bed_no IS
  2      'bed_no: bed number';

Comment created.

SQL> 
SQL> ALTER TABLE admission_bed ADD CONSTRAINT admission_bed_pk PRIMARY KEY ( admission_no
  2  ,
  3                                                                          bed_assigned_datetime
  4                                                                          );

Table ADMISSION_BED altered.

SQL> 
SQL> CREATE TABLE admission_procedure (
  2      admission_procedure_no   NUMBER(7) NOT NULL,
  3      admission_no             NUMBER(7) NOT NULL,
  4      procedure_datetime       DATE NOT NULL,
  5      procedure_charge         NUMBER(7, 2) NOT NULL,
  6      total_extra_charge       NUMBER(7, 2) NOT NULL,
  7      requested_doc_id         NUMBER(7) NOT NULL,
  8      carried_doc_id           NUMBER(7),
  9      procedure_code           NUMBER(7) NOT NULL
 10  );

Table ADMISSION_PROCEDURE created.

SQL> 
SQL> COMMENT ON COLUMN admission_procedure.admission_procedure_no IS
  2      'admission_procedure_no: admission procedure number';

Comment created.

SQL> 
SQL> COMMENT ON COLUMN admission_procedure.admission_no IS
  2      'admission_no: admission number';

Comment created.

SQL> 
SQL> COMMENT ON COLUMN admission_procedure.procedure_datetime IS
  2      'procedure_datetime: procedure date and time';

Comment created.

SQL> 
SQL> COMMENT ON COLUMN admission_procedure.procedure_charge IS
  2      'procedure_charge: procedure charge';

Comment created.

SQL> 
SQL> COMMENT ON COLUMN admission_procedure.total_extra_charge IS
  2      'total_extra_charge: total extra charge';

Comment created.

SQL> 
SQL> COMMENT ON COLUMN admission_procedure.requested_doc_id IS
  2      'doc_id: doctor ID';

Comment created.

SQL> 
SQL> COMMENT ON COLUMN admission_procedure.carried_doc_id IS
  2      'doc_id: doctor ID';

Comment created.

SQL> 
SQL> COMMENT ON COLUMN admission_procedure.procedure_code IS
  2      'procedure_code: procedure code';

Comment created.

SQL> 
SQL> ALTER TABLE admission_procedure ADD CONSTRAINT admission_procedure_pk PRIMARY KEY
  2  ( admission_procedure_no );

Table ADMISSION_PROCEDURE altered.

SQL> 
SQL> ALTER TABLE admission_procedure ADD CONSTRAINT admission_procedure_unique UNIQUE
  2  
  3  ( procedure_datetime,
  4                                                                                     admission_no
  5                                                                                     )
  6                                                                                     ;

Table ADMISSION_PROCEDURE altered.

SQL> 
SQL> CREATE TABLE bed (
  2      ward_code       NUMBER(7) NOT NULL,
  3      bed_no          NUMBER(3) NOT NULL,
  4      bed_phone       VARCHAR2(10),
  5      bed_type_code   NUMBER(7) NOT NULL
  6  );

Table BED created.

SQL> 
SQL> COMMENT ON COLUMN bed.ward_code IS
  2      'ward_code:ward code';

Comment created.

SQL> 
SQL> COMMENT ON COLUMN bed.bed_no IS
  2      'bed_no: bed number';

Comment created.

SQL> 
SQL> COMMENT ON COLUMN bed.bed_phone IS
  2      'bed_phone: bedside phone number';

Comment created.

SQL> 
SQL> COMMENT ON COLUMN bed.bed_type_code IS
  2      'bed_type_code: bed type code';

Comment created.

SQL> 
SQL> ALTER TABLE bed ADD CONSTRAINT bed_pk PRIMARY KEY ( ward_code,
  2                                                      bed_no );

Table BED altered.

SQL> 
SQL> CREATE TABLE bed_type (
  2      bed_type_code   NUMBER(7) NOT NULL,
  3      bed_type_desc   VARCHAR2(50) NOT NULL
  4  );

Table BED_TYPE created.

SQL> 
SQL> COMMENT ON COLUMN bed_type.bed_type_code IS
  2      'bed_type_code: bed type code';

Comment created.

SQL> 
SQL> COMMENT ON COLUMN bed_type.bed_type_desc IS
  2      'bed_type_desc: bed type description';

Comment created.

SQL> 
SQL> ALTER TABLE bed_type ADD CONSTRAINT bed_type_pk PRIMARY KEY ( bed_type_code );

Table BED_TYPE altered.

SQL> 
SQL> ALTER TABLE bed_type ADD CONSTRAINT bed_type_unique UNIQUE ( bed_type_desc );

Table BED_TYPE altered.

SQL> 
SQL> CREATE TABLE cost_center (
  2      cost_centre_code    NUMBER(7) NOT NULL,
  3      cost_centre_title   VARCHAR2(50) NOT NULL,
  4      manager_fname       VARCHAR2(50) NOT NULL,
  5      manager_lname       VARCHAR2(50) NOT NULL
  6  );

Table COST_CENTER created.

SQL> 
SQL> COMMENT ON COLUMN cost_center.cost_centre_code IS
  2      'cost_centre_code: cost centre code';

Comment created.

SQL> 
SQL> COMMENT ON COLUMN cost_center.cost_centre_title IS
  2      'cost_centre_title: cost centre title';

Comment created.

SQL> 
SQL> COMMENT ON COLUMN cost_center.manager_fname IS
  2      'manager_fname: manager first name';

Comment created.

SQL> 
SQL> COMMENT ON COLUMN cost_center.manager_lname IS
  2      'manager_lname: manager last name';

Comment created.

SQL> 
SQL> ALTER TABLE cost_center ADD CONSTRAINT cost_center_pk PRIMARY KEY ( cost_centre_code
  2  );

Table COST_CENTER altered.

SQL> 
SQL> CREATE TABLE doctor (
  2      doc_id      NUMBER(7) NOT NULL,
  3      doc_title   VARCHAR2(50) NOT NULL,
  4      doc_fname   VARCHAR2(50) NOT NULL,
  5      doc_lname   VARCHAR2(50) NOT NULL,
  6      doc_phone   CHAR(10) NOT NULL
  7  );

Table DOCTOR created.

SQL> 
SQL> COMMENT ON COLUMN doctor.doc_id IS
  2      'doc_id: doctor ID';

Comment created.

SQL> 
SQL> COMMENT ON COLUMN doctor.doc_title IS
  2      'doc_title: doctor title';

Comment created.

SQL> 
SQL> COMMENT ON COLUMN doctor.doc_fname IS
  2      'doc_fname; doctor first name';

Comment created.

SQL> 
SQL> COMMENT ON COLUMN doctor.doc_lname IS
  2      'doc_lname: doctor last name';

Comment created.

SQL> 
SQL> COMMENT ON COLUMN doctor.doc_phone IS
  2      'doc_phone: doctor phone number';

Comment created.

SQL> 
SQL> ALTER TABLE doctor ADD CONSTRAINT doctor_pk PRIMARY KEY ( doc_id );

Table DOCTOR altered.

SQL> 
SQL> CREATE TABLE doctor_specilisation (
  2      doc_id    NUMBER(7) NOT NULL,
  3      spec_no   NUMBER(7) NOT NULL
  4  );

Table DOCTOR_SPECILISATION created.

SQL> 
SQL> COMMENT ON COLUMN doctor_specilisation.doc_id IS
  2      'doc_id: doctor ID';

Comment created.

SQL> 
SQL> COMMENT ON COLUMN doctor_specilisation.spec_no IS
  2      'spec_no: specilisation number';

Comment created.

SQL> 
SQL> ALTER TABLE doctor_specilisation ADD CONSTRAINT doctor_specilisation_pk PRIMARY KEY
  2  ( doc_id,
  3                                                                                        spec_no
  4                                                                                        )
  5                                                                                        ;

Table DOCTOR_SPECILISATION altered.

SQL> 
SQL> CREATE TABLE item (
  2      item_code          NUMBER(7) NOT NULL,
  3      item_desc          VARCHAR2(50) NOT NULL,
  4      item_stock         NUMBER(10) NOT NULL,
  5      item_price         NUMBER(7, 2) NOT NULL,
  6      cost_centre_code   NUMBER(7) NOT NULL
  7  );

Table ITEM created.

SQL> 
SQL> COMMENT ON COLUMN item.item_code IS
  2      'item_code: item code';

Comment created.

SQL> 
SQL> COMMENT ON COLUMN item.item_desc IS
  2      'item_desc: item description';

Comment created.

SQL> 
SQL> COMMENT ON COLUMN item.item_stock IS
  2      'item_stock: item amount in stock';

Comment created.

SQL> 
SQL> COMMENT ON COLUMN item.item_price IS
  2      'item_price: item price';

Comment created.

SQL> 
SQL> COMMENT ON COLUMN item.cost_centre_code IS
  2      'cost_centre_code: cost centre code';

Comment created.

SQL> 
SQL> ALTER TABLE item ADD CONSTRAINT item_pk PRIMARY KEY ( item_code );

Table ITEM altered.

SQL> 
SQL> CREATE TABLE nurse (
  2      nurse_id              NUMBER(7) NOT NULL,
  3      nurse_fname           VARCHAR2(50) NOT NULL,
  4      nurse_lname           VARCHAR2(50) NOT NULL,
  5      nurse_phone           CHAR(10) NOT NULL,
  6      nurse_with_children   CHAR(1) NOT NULL
  7  );

Table NURSE created.

SQL> 
SQL> ALTER TABLE nurse
  2      ADD CONSTRAINT nurse_check CHECK ( nurse_with_children IN (
  3          'N',
  4          'Y'
  5      ) );

Table NURSE altered.

SQL> 
SQL> COMMENT ON COLUMN nurse.nurse_id IS
  2      'nurse_id: nurse ID';

Comment created.

SQL> 
SQL> COMMENT ON COLUMN nurse.nurse_fname IS
  2      'nurse_fname: nurse first name';

Comment created.

SQL> 
SQL> COMMENT ON COLUMN nurse.nurse_lname IS
  2      'nurse_lname: nurse last name';

Comment created.

SQL> 
SQL> COMMENT ON COLUMN nurse.nurse_phone IS
  2      'nurse_phone: nurse phone number';

Comment created.

SQL> 
SQL> COMMENT ON COLUMN nurse.nurse_with_children IS
  2      'nurse_with_children: cetrified work with children';

Comment created.

SQL> 
SQL> ALTER TABLE nurse ADD CONSTRAINT nurse_pk PRIMARY KEY ( nurse_id );

Table NURSE altered.

SQL> 
SQL> CREATE TABLE nurse_assignment (
  2      nurse_id         NUMBER(7) NOT NULL,
  3      date_assgined    DATE NOT NULL,
  4      date_completed   DATE NOT NULL,
  5      ward_code        NUMBER(7) NOT NULL
  6  );

Table NURSE_ASSIGNMENT created.

SQL> 
SQL> COMMENT ON COLUMN nurse_assignment.nurse_id IS
  2      'nurse_id: nurse ID';

Comment created.

SQL> 
SQL> COMMENT ON COLUMN nurse_assignment.date_assgined IS
  2      'date_assigned: date assgined';

Comment created.

SQL> 
SQL> COMMENT ON COLUMN nurse_assignment.date_completed IS
  2      'date_completed: date completed';

Comment created.

SQL> 
SQL> COMMENT ON COLUMN nurse_assignment.ward_code IS
  2      'ward_code:ward code';

Comment created.

SQL> 
SQL> ALTER TABLE nurse_assignment ADD CONSTRAINT nurse_assignment_pk PRIMARY KEY ( nurse_id
  2  ,
  3                                                                                date_assgined
  4                                                                                );

Table NURSE_ASSIGNMENT altered.

SQL> 
SQL> CREATE TABLE patient (
  2      patient_id               NUMBER(7) NOT NULL,
  3      patient_fname            VARCHAR2(50) NOT NULL,
  4      patient_lname            VARCHAR2(50) NOT NULL,
  5      patient_add              VARCHAR2(50) NOT NULL,
  6      patient_dob              DATE NOT NULL,
  7      patient_contact_number   CHAR(10) NOT NULL
  8  );

Table PATIENT created.

SQL> 
SQL> COMMENT ON COLUMN patient.patient_id IS
  2      'patient_id: patient ID';

Comment created.

SQL> 
SQL> COMMENT ON COLUMN patient.patient_fname IS
  2      'patient_fname; patient first name';

Comment created.

SQL> 
SQL> COMMENT ON COLUMN patient.patient_lname IS
  2      'patient_lname: patient last name';

Comment created.

SQL> 
SQL> COMMENT ON COLUMN patient.patient_add IS
  2      'patient_add: patient address';

Comment created.

SQL> 
SQL> COMMENT ON COLUMN patient.patient_dob IS
  2      'patient_dob; patient date of birth';

Comment created.

SQL> 
SQL> COMMENT ON COLUMN patient.patient_contact_number IS
  2      'patient_contact_number: patient emergency contact number';

Comment created.

SQL> 
SQL> ALTER TABLE patient ADD CONSTRAINT patient_pk PRIMARY KEY ( patient_id );

Table PATIENT altered.

SQL> 
SQL> CREATE TABLE procedure (
  2      procedure_code            NUMBER(7) NOT NULL,
  3      procedure_name            VARCHAR2(50) NOT NULL,
  4      procedure_desc            VARCHAR2(50) NOT NULL,
  5      procedure_time            VARCHAR2(50) NOT NULL,
  6      procedure_standard_cost   NUMBER(7, 2) NOT NULL
  7  );

Table PROCEDURE created.

SQL> 
SQL> COMMENT ON COLUMN procedure.procedure_code IS
  2      'procedure_code: procedure code';

Comment created.

SQL> 
SQL> COMMENT ON COLUMN procedure.procedure_name IS
  2      'procedure_name; procedure name';

Comment created.

SQL> 
SQL> COMMENT ON COLUMN procedure.procedure_desc IS
  2      'procedure_desc: procedure description';

Comment created.

SQL> 
SQL> COMMENT ON COLUMN procedure.procedure_time IS
  2      'procedure_time: time used of the procedure';

Comment created.

SQL> 
SQL> COMMENT ON COLUMN procedure.procedure_standard_cost IS
  2      'procedure_standard_cost: procedure standard cost';

Comment created.

SQL> 
SQL> ALTER TABLE procedure ADD CONSTRAINT procedure_pk PRIMARY KEY ( procedure_code );

Table PROCEDURE altered.

SQL> 
SQL> CREATE TABLE procedure_item (
  2      admission_procedure_no   NUMBER(7) NOT NULL,
  3      item_code                NUMBER(7) NOT NULL,
  4      item_qty                 NUMBER(10) NOT NULL,
  5      total_item_charge        NUMBER(7, 2) NOT NULL,
  6      admission_no             NUMBER(7) NOT NULL
  7  );

Table PROCEDURE_ITEM created.

SQL> 
SQL> COMMENT ON COLUMN procedure_item.admission_procedure_no IS
  2      'admission_procedure_no: admission procedure number';

Comment created.

SQL> 
SQL> COMMENT ON COLUMN procedure_item.item_code IS
  2      'item_code: item code';

Comment created.

SQL> 
SQL> COMMENT ON COLUMN procedure_item.item_qty IS
  2      'item_qty: item quantity';

Comment created.

SQL> 
SQL> COMMENT ON COLUMN procedure_item.total_item_charge IS
  2      'total_item_charge: total item charge';

Comment created.

SQL> 
SQL> ALTER TABLE procedure_item ADD CONSTRAINT procedure_item_pk PRIMARY KEY ( admission_procedure_no
  2  ,
  3                                                                            item_code
  4                                                                            );

Table PROCEDURE_ITEM altered.

SQL> 
SQL> CREATE TABLE specilisation (
  2      spec_no     NUMBER(7) NOT NULL,
  3      spec_desc   VARCHAR2(50) NOT NULL
  4  );

Table SPECILISATION created.

SQL> 
SQL> COMMENT ON COLUMN specilisation.spec_no IS
  2      'spec_no: specilisation number';

Comment created.

SQL> 
SQL> COMMENT ON COLUMN specilisation.spec_desc IS
  2      'spec_desc: specilisation description';

Comment created.

SQL> 
SQL> ALTER TABLE specilisation ADD CONSTRAINT specilisation_pk PRIMARY KEY ( spec_no )
  2  ;

Table SPECILISATION altered.

SQL> 
SQL> ALTER TABLE specilisation ADD CONSTRAINT specilisation_unique UNIQUE ( spec_desc
  2  
  3  );

Table SPECILISATION altered.

SQL> 
SQL> CREATE TABLE ward (
  2      ward_code              NUMBER(7) NOT NULL,
  3      total_bed_amount       NUMBER(3) NOT NULL,
  4      available_bed_amount   NUMBER(3) NOT NULL
  5  );

Table WARD created.

SQL> 
SQL> COMMENT ON COLUMN ward.ward_code IS
  2      'ward_code:ward code';

Comment created.

SQL> 
SQL> COMMENT ON COLUMN ward.total_bed_amount IS
  2      'total_bed_amount: total bed amount';

Comment created.

SQL> 
SQL> COMMENT ON COLUMN ward.available_bed_amount IS
  2      'available_bed_amount: available bed amount';

Comment created.

SQL> 
SQL> ALTER TABLE ward ADD CONSTRAINT ward_pk PRIMARY KEY ( ward_code );

Table WARD altered.

SQL> 
SQL> ALTER TABLE procedure_item
  2      ADD CONSTRAINT adm_pro_pro_item FOREIGN KEY ( admission_procedure_no )
  3          REFERENCES admission_procedure ( admission_procedure_no );

Table PROCEDURE_ITEM altered.

SQL> 
SQL> ALTER TABLE admission_bed
  2      ADD CONSTRAINT admission_admission_bed FOREIGN KEY ( admission_no )
  3          REFERENCES admission ( admission_no );

Table ADMISSION_BED altered.

SQL> 
SQL> ALTER TABLE admission_procedure
  2      ADD CONSTRAINT admission_admission_procedure FOREIGN KEY ( admission_no )
  3          REFERENCES admission ( admission_no );

Table ADMISSION_PROCEDURE altered.

SQL> 
SQL> ALTER TABLE admission_bed
  2      ADD CONSTRAINT bed_admission_bed FOREIGN KEY ( ward_code,
  3                                                     bed_no )
  4          REFERENCES bed ( ward_code,
  5                           bed_no );

Table ADMISSION_BED altered.

SQL> 
SQL> ALTER TABLE bed
  2      ADD CONSTRAINT bed_type_bed FOREIGN KEY ( bed_type_code )
  3          REFERENCES bed_type ( bed_type_code );

Table BED altered.

SQL> 
SQL> ALTER TABLE item
  2      ADD CONSTRAINT cost_centre_item FOREIGN KEY ( cost_centre_code )
  3          REFERENCES cost_center ( cost_centre_code );

Table ITEM altered.

SQL> 
SQL> ALTER TABLE admission_procedure
  2      ADD CONSTRAINT doc_adm_pro_carries FOREIGN KEY ( carried_doc_id )
  3          REFERENCES doctor ( doc_id );

Table ADMISSION_PROCEDURE altered.

SQL> 
SQL> ALTER TABLE admission_procedure
  2      ADD CONSTRAINT doc_adm_pro_requests FOREIGN KEY ( requested_doc_id )
  3          REFERENCES doctor ( doc_id );

Table ADMISSION_PROCEDURE altered.

SQL> 
SQL> ALTER TABLE admission
  2      ADD CONSTRAINT doctor_admission FOREIGN KEY ( doc_id )
  3          REFERENCES doctor ( doc_id );

Table ADMISSION altered.

SQL> 
SQL> ALTER TABLE doctor_specilisation
  2      ADD CONSTRAINT doctor_doctor_specilisation FOREIGN KEY ( doc_id )
  3          REFERENCES doctor ( doc_id );

Table DOCTOR_SPECILISATION altered.

SQL> 
SQL> ALTER TABLE procedure_item
  2      ADD CONSTRAINT item_procedure_item FOREIGN KEY ( item_code )
  3          REFERENCES item ( item_code );

Table PROCEDURE_ITEM altered.

SQL> 
SQL> ALTER TABLE nurse_assignment
  2      ADD CONSTRAINT nurse_nurse_assignment FOREIGN KEY ( nurse_id )
  3          REFERENCES nurse ( nurse_id );

Table NURSE_ASSIGNMENT altered.

SQL> 
SQL> ALTER TABLE admission
  2      ADD CONSTRAINT patient_admission FOREIGN KEY ( patient_id )
  3          REFERENCES patient ( patient_id );

Table ADMISSION altered.

SQL> 
SQL> ALTER TABLE admission_procedure
  2      ADD CONSTRAINT procedure_admission_procedure FOREIGN KEY ( procedure_code )
  3          REFERENCES procedure ( procedure_code );

Table ADMISSION_PROCEDURE altered.

SQL> 
SQL> ALTER TABLE doctor_specilisation
  2      ADD CONSTRAINT spec_doctor_spec FOREIGN KEY ( spec_no )
  3          REFERENCES specilisation ( spec_no );

Table DOCTOR_SPECILISATION altered.

SQL> 
SQL> ALTER TABLE bed
  2      ADD CONSTRAINT ward_bed FOREIGN KEY ( ward_code )
  3          REFERENCES ward ( ward_code );

Table BED altered.

SQL> 
SQL> ALTER TABLE nurse_assignment
  2      ADD CONSTRAINT ward_nurse_assignment FOREIGN KEY ( ward_code )
  3          REFERENCES ward ( ward_code );

Table NURSE_ASSIGNMENT altered.

SQL> 
SQL> CREATE SEQUENCE admission_admission_no_seq START WITH 1 NOCACHE ORDER;

Sequence ADMISSION_ADMISSION_NO_SEQ created.

SQL> 
SQL> CREATE SEQUENCE admission_procedure_admission_ START WITH 1 NOCACHE ORDER;

Sequence ADMISSION_PROCEDURE_ADMISSION_ created.

SQL> 
SQL> CREATE SEQUENCE bed_bed_no_seq START WITH 1 NOCACHE ORDER;

Sequence BED_BED_NO_SEQ created.

SQL> 
SQL> CREATE SEQUENCE bed_type_bed_type_code_seq START WITH 1 NOCACHE ORDER;

Sequence BED_TYPE_BED_TYPE_CODE_SEQ created.

SQL> 
SQL> CREATE SEQUENCE cost_center_cost_centre_code START WITH 1 NOCACHE ORDER;

Sequence COST_CENTER_COST_CENTRE_CODE created.

SQL> 
SQL> CREATE SEQUENCE doctor_doc_id_seq START WITH 1 NOCACHE ORDER;

Sequence DOCTOR_DOC_ID_SEQ created.

SQL> 
SQL> CREATE SEQUENCE item_item_code_seq START WITH 1 NOCACHE ORDER;

Sequence ITEM_ITEM_CODE_SEQ created.

SQL> 
SQL> CREATE SEQUENCE nurse_nurse_id_seq START WITH 1 NOCACHE ORDER;

Sequence NURSE_NURSE_ID_SEQ created.

SQL> 
SQL> CREATE SEQUENCE patient_patient_id_seq START WITH 1 NOCACHE ORDER;

Sequence PATIENT_PATIENT_ID_SEQ created.

SQL> 
SQL> CREATE SEQUENCE procedure_procedure_code_seq START WITH 1 NOCACHE ORDER;

Sequence PROCEDURE_PROCEDURE_CODE_SEQ created.

SQL> 
SQL> CREATE SEQUENCE specilisation_spec_no_seq START WITH 1 NOCACHE ORDER;

Sequence SPECILISATION_SPEC_NO_SEQ created.

SQL> 
SQL> CREATE SEQUENCE ward_ward_code_seq START WITH 1 NOCACHE ORDER;

Sequence WARD_WARD_CODE_SEQ created.

SQL> 
SQL> 
SQL> 
SQL> -- Oracle SQL Developer Data Modeler Summary Report: 
SQL> -- 
SQL> -- CREATE TABLE                            16
SQL> -- CREATE INDEX                             0
SQL> -- ALTER TABLE                             38
SQL> -- CREATE VIEW                              0
SQL> -- ALTER VIEW                               0
SQL> -- CREATE PACKAGE                           0
SQL> -- CREATE PACKAGE BODY                      0
SQL> -- CREATE PROCEDURE                         0
SQL> -- CREATE FUNCTION                          0
SQL> -- CREATE TRIGGER                           0
SQL> -- ALTER TRIGGER                            0
SQL> -- CREATE COLLECTION TYPE                   0
SQL> -- CREATE STRUCTURED TYPE                   0
SQL> -- CREATE STRUCTURED TYPE BODY              0
SQL> -- CREATE CLUSTER                           0
SQL> -- CREATE CONTEXT                           0
SQL> -- CREATE DATABASE                          0
SQL> -- CREATE DIMENSION                         0
SQL> -- CREATE DIRECTORY                         0
SQL> -- CREATE DISK GROUP                        0
SQL> -- CREATE ROLE                              0
SQL> -- CREATE ROLLBACK SEGMENT                  0
SQL> -- CREATE SEQUENCE                         12
SQL> -- CREATE MATERIALIZED VIEW                 0
SQL> -- CREATE MATERIALIZED VIEW LOG             0
SQL> -- CREATE SYNONYM                           0
SQL> -- CREATE TABLESPACE                        0
SQL> -- CREATE USER                              0
SQL> -- 
SQL> -- DROP TABLESPACE                          0
SQL> -- DROP DATABASE                            0
SQL> -- 
SQL> -- REDACTION POLICY                         0
SQL> -- 
SQL> -- ORDS DROP SCHEMA                         0
SQL> -- ORDS ENABLE SCHEMA                       0
SQL> -- ORDS ENABLE OBJECT                       0
SQL> -- 
SQL> -- ERRORS                                   0
SQL> -- WARNINGS                                 0
SQL> 
SQL> SET ECHO OFF;
